Analysis & Synthesis report for IP-ROM
Fri Feb 28 20:56:25 2025
Quartus II 64-Bit Version 13.0.1 Build 232 06/12/2013 Service Pack 1 SJ Full Version


---------------------
; Table of Contents ;
---------------------
  1. Legal Notice
  2. Analysis & Synthesis Summary
  3. Analysis & Synthesis Settings
  4. Parallel Compilation
  5. Analysis & Synthesis Source Files Read
  6. Analysis & Synthesis Resource Usage Summary
  7. Analysis & Synthesis Resource Utilization by Entity
  8. Analysis & Synthesis RAM Summary
  9. Analysis & Synthesis IP Cores Summary
 10. Registers Removed During Synthesis
 11. Removed Registers Triggering Further Register Optimizations
 12. General Register Statistics
 13. Inverted Register Statistics
 14. Multiplexer Restructuring Statistics (Restructuring Performed)
 15. Source assignments for ROM_8x256:ROM_8x256_inst|altsyncram:altsyncram_component|altsyncram_qb91:auto_generated
 16. Parameter Settings for User Entity Instance: Button_Debounce:Button_Debounce_Instance_1
 17. Parameter Settings for User Entity Instance: Button_Debounce:Button_Debounce_Instance_2
 18. Parameter Settings for User Entity Instance: ROM_Control:ROM_Control_Instance
 19. Parameter Settings for User Entity Instance: ROM_8x256:ROM_8x256_inst|altsyncram:altsyncram_component
 20. Parameter Settings for User Entity Instance: seg_595_dynamic:seg_595_dynamic_Instance|seg_dynamic:seg_dynamic_inst
 21. altsyncram Parameter Settings by Entity Instance
 22. Port Connectivity Checks: "seg_595_dynamic:seg_595_dynamic_Instance"
 23. Elapsed Time Per Partition
 24. Analysis & Synthesis Messages



----------------
; Legal Notice ;
----------------
Copyright (C) 1991-2013 Altera Corporation
Your use of Altera Corporation's design tools, logic functions 
and other software and tools, and its AMPP partner logic 
functions, and any output files from any of the foregoing 
(including device programming or simulation files), and any 
associated documentation or information are expressly subject 
to the terms and conditions of the Altera Program License 
Subscription Agreement, Altera MegaCore Function License 
Agreement, or other applicable license agreement, including, 
without limitation, that your use is for the sole purpose of 
programming logic devices manufactured by Altera and sold by 
Altera or its authorized distributors.  Please refer to the 
applicable agreement for further details.



+---------------------------------------------------------------------------------------+
; Analysis & Synthesis Summary                                                          ;
+------------------------------------+--------------------------------------------------+
; Analysis & Synthesis Status        ; Successful - Fri Feb 28 20:56:25 2025            ;
; Quartus II 64-Bit Version          ; 13.0.1 Build 232 06/12/2013 SP 1 SJ Full Version ;
; Revision Name                      ; IP-ROM                                           ;
; Top-level Entity Name              ; ROM                                              ;
; Family                             ; Cyclone IV E                                     ;
; Total logic elements               ; 353                                              ;
;     Total combinational functions  ; 314                                              ;
;     Dedicated logic registers      ; 222                                              ;
; Total registers                    ; 222                                              ;
; Total pins                         ; 8                                                ;
; Total virtual pins                 ; 0                                                ;
; Total memory bits                  ; 2,048                                            ;
; Embedded Multiplier 9-bit elements ; 0                                                ;
; Total PLLs                         ; 0                                                ;
+------------------------------------+--------------------------------------------------+


+----------------------------------------------------------------------------------------------------------------------+
; Analysis & Synthesis Settings                                                                                        ;
+----------------------------------------------------------------------------+--------------------+--------------------+
; Option                                                                     ; Setting            ; Default Value      ;
+----------------------------------------------------------------------------+--------------------+--------------------+
; Device                                                                     ; EP4CE10F17C8       ;                    ;
; Top-level entity name                                                      ; ROM                ; IP-ROM             ;
; Family name                                                                ; Cyclone IV E       ; Cyclone IV GX      ;
; Use smart compilation                                                      ; Off                ; Off                ;
; Enable parallel Assembler and TimeQuest Timing Analyzer during compilation ; On                 ; On                 ;
; Enable compact report table                                                ; Off                ; Off                ;
; Restructure Multiplexers                                                   ; Auto               ; Auto               ;
; Create Debugging Nodes for IP Cores                                        ; Off                ; Off                ;
; Preserve fewer node names                                                  ; On                 ; On                 ;
; Disable OpenCore Plus hardware evaluation                                  ; Off                ; Off                ;
; Verilog Version                                                            ; Verilog_2001       ; Verilog_2001       ;
; VHDL Version                                                               ; VHDL_1993          ; VHDL_1993          ;
; State Machine Processing                                                   ; Auto               ; Auto               ;
; Safe State Machine                                                         ; Off                ; Off                ;
; Extract Verilog State Machines                                             ; On                 ; On                 ;
; Extract VHDL State Machines                                                ; On                 ; On                 ;
; Ignore Verilog initial constructs                                          ; Off                ; Off                ;
; Iteration limit for constant Verilog loops                                 ; 5000               ; 5000               ;
; Iteration limit for non-constant Verilog loops                             ; 250                ; 250                ;
; Add Pass-Through Logic to Inferred RAMs                                    ; On                 ; On                 ;
; Infer RAMs from Raw Logic                                                  ; On                 ; On                 ;
; Parallel Synthesis                                                         ; On                 ; On                 ;
; DSP Block Balancing                                                        ; Auto               ; Auto               ;
; NOT Gate Push-Back                                                         ; On                 ; On                 ;
; Power-Up Don't Care                                                        ; On                 ; On                 ;
; Remove Redundant Logic Cells                                               ; Off                ; Off                ;
; Remove Duplicate Registers                                                 ; On                 ; On                 ;
; Ignore CARRY Buffers                                                       ; Off                ; Off                ;
; Ignore CASCADE Buffers                                                     ; Off                ; Off                ;
; Ignore GLOBAL Buffers                                                      ; Off                ; Off                ;
; Ignore ROW GLOBAL Buffers                                                  ; Off                ; Off                ;
; Ignore LCELL Buffers                                                       ; Off                ; Off                ;
; Ignore SOFT Buffers                                                        ; On                 ; On                 ;
; Limit AHDL Integers to 32 Bits                                             ; Off                ; Off                ;
; Optimization Technique                                                     ; Balanced           ; Balanced           ;
; Carry Chain Length                                                         ; 70                 ; 70                 ;
; Auto Carry Chains                                                          ; On                 ; On                 ;
; Auto Open-Drain Pins                                                       ; On                 ; On                 ;
; Perform WYSIWYG Primitive Resynthesis                                      ; Off                ; Off                ;
; Auto ROM Replacement                                                       ; On                 ; On                 ;
; Auto RAM Replacement                                                       ; On                 ; On                 ;
; Auto DSP Block Replacement                                                 ; On                 ; On                 ;
; Auto Shift Register Replacement                                            ; Auto               ; Auto               ;
; Allow Shift Register Merging across Hierarchies                            ; Auto               ; Auto               ;
; Auto Clock Enable Replacement                                              ; On                 ; On                 ;
; Strict RAM Replacement                                                     ; Off                ; Off                ;
; Allow Synchronous Control Signals                                          ; On                 ; On                 ;
; Force Use of Synchronous Clear Signals                                     ; Off                ; Off                ;
; Auto RAM Block Balancing                                                   ; On                 ; On                 ;
; Auto RAM to Logic Cell Conversion                                          ; Off                ; Off                ;
; Auto Resource Sharing                                                      ; Off                ; Off                ;
; Allow Any RAM Size For Recognition                                         ; Off                ; Off                ;
; Allow Any ROM Size For Recognition                                         ; Off                ; Off                ;
; Allow Any Shift Register Size For Recognition                              ; Off                ; Off                ;
; Use LogicLock Constraints during Resource Balancing                        ; On                 ; On                 ;
; Ignore translate_off and synthesis_off directives                          ; Off                ; Off                ;
; Timing-Driven Synthesis                                                    ; On                 ; On                 ;
; Report Parameter Settings                                                  ; On                 ; On                 ;
; Report Source Assignments                                                  ; On                 ; On                 ;
; Report Connectivity Checks                                                 ; On                 ; On                 ;
; Ignore Maximum Fan-Out Assignments                                         ; Off                ; Off                ;
; Synchronization Register Chain Length                                      ; 2                  ; 2                  ;
; PowerPlay Power Optimization                                               ; Normal compilation ; Normal compilation ;
; HDL message level                                                          ; Level2             ; Level2             ;
; Suppress Register Optimization Related Messages                            ; Off                ; Off                ;
; Number of Removed Registers Reported in Synthesis Report                   ; 5000               ; 5000               ;
; Number of Swept Nodes Reported in Synthesis Report                         ; 5000               ; 5000               ;
; Number of Inverted Registers Reported in Synthesis Report                  ; 100                ; 100                ;
; Clock MUX Protection                                                       ; On                 ; On                 ;
; Auto Gated Clock Conversion                                                ; Off                ; Off                ;
; Block Design Naming                                                        ; Auto               ; Auto               ;
; SDC constraint protection                                                  ; Off                ; Off                ;
; Synthesis Effort                                                           ; Auto               ; Auto               ;
; Shift Register Replacement - Allow Asynchronous Clear Signal               ; On                 ; On                 ;
; Pre-Mapping Resynthesis Optimization                                       ; Off                ; Off                ;
; Analysis & Synthesis Message Level                                         ; Medium             ; Medium             ;
; Disable Register Merging Across Hierarchies                                ; Auto               ; Auto               ;
; Resource Aware Inference For Block RAM                                     ; On                 ; On                 ;
; Synthesis Seed                                                             ; 1                  ; 1                  ;
+----------------------------------------------------------------------------+--------------------+--------------------+


+------------------------------------------+
; Parallel Compilation                     ;
+----------------------------+-------------+
; Processors                 ; Number      ;
+----------------------------+-------------+
; Number detected on machine ; 22          ;
; Maximum allowed            ; 16          ;
;                            ;             ;
; Average used               ; 1.00        ;
; Maximum used               ; 1           ;
;                            ;             ;
; Usage by Processor         ; % Time Used ;
;     Processor 1            ; 100.0%      ;
;     Processors 2-22        ;   0.0%      ;
+----------------------------+-------------+


+----------------------------------------------------------------------------------------------------------------------------------------------------------------------------------------------------------------------------+
; Analysis & Synthesis Source Files Read                                                                                                                                                                                     ;
+----------------------------------+-----------------+------------------------------+------------------------------------------------------------------------------------------------------------------------------+---------+
; File Name with User-Entered Path ; Used in Netlist ; File Type                    ; File Name with Absolute Path                                                                                                 ; Library ;
+----------------------------------+-----------------+------------------------------+------------------------------------------------------------------------------------------------------------------------------+---------+
; ../RTL/seg_dynamic.v             ; yes             ; User Verilog HDL File        ; D:/TylerHong/Development/Learn/Learning-FPGA/20250225--IP-ROM-Read-Only-Memory/RTL/seg_dynamic.v                             ;         ;
; ../RTL/seg_595_dynamic.v         ; yes             ; User Verilog HDL File        ; D:/TylerHong/Development/Learn/Learning-FPGA/20250225--IP-ROM-Read-Only-Memory/RTL/seg_595_dynamic.v                         ;         ;
; ../RTL/hc595_ctrl.v              ; yes             ; User Verilog HDL File        ; D:/TylerHong/Development/Learn/Learning-FPGA/20250225--IP-ROM-Read-Only-Memory/RTL/hc595_ctrl.v                              ;         ;
; ../RTL/Button_Debounce.v         ; yes             ; User Verilog HDL File        ; D:/TylerHong/Development/Learn/Learning-FPGA/20250225--IP-ROM-Read-Only-Memory/RTL/Button_Debounce.v                         ;         ;
; ../RTL/bcd_8421.v                ; yes             ; User Verilog HDL File        ; D:/TylerHong/Development/Learn/Learning-FPGA/20250225--IP-ROM-Read-Only-Memory/RTL/bcd_8421.v                                ;         ;
; ../RTL/ROM.v                     ; yes             ; User Verilog HDL File        ; D:/TylerHong/Development/Learn/Learning-FPGA/20250225--IP-ROM-Read-Only-Memory/RTL/ROM.v                                     ;         ;
; ../RTL/ROM_Control.v             ; yes             ; User Verilog HDL File        ; D:/TylerHong/Development/Learn/Learning-FPGA/20250225--IP-ROM-Read-Only-Memory/RTL/ROM_Control.v                             ;         ;
; IP_Core/ROM_8x256/ROM_8x256.v    ; yes             ; User Wizard-Generated File   ; D:/TylerHong/Development/Learn/Learning-FPGA/20250225--IP-ROM-Read-Only-Memory/Quartus Project/IP_Core/ROM_8x256/ROM_8x256.v ;         ;
; altsyncram.tdf                   ; yes             ; Megafunction                 ; d:/applications/quartusii_v13.0/quartus/libraries/megafunctions/altsyncram.tdf                                               ;         ;
; stratix_ram_block.inc            ; yes             ; Megafunction                 ; d:/applications/quartusii_v13.0/quartus/libraries/megafunctions/stratix_ram_block.inc                                        ;         ;
; lpm_mux.inc                      ; yes             ; Megafunction                 ; d:/applications/quartusii_v13.0/quartus/libraries/megafunctions/lpm_mux.inc                                                  ;         ;
; lpm_decode.inc                   ; yes             ; Megafunction                 ; d:/applications/quartusii_v13.0/quartus/libraries/megafunctions/lpm_decode.inc                                               ;         ;
; aglobal130.inc                   ; yes             ; Megafunction                 ; d:/applications/quartusii_v13.0/quartus/libraries/megafunctions/aglobal130.inc                                               ;         ;
; a_rdenreg.inc                    ; yes             ; Megafunction                 ; d:/applications/quartusii_v13.0/quartus/libraries/megafunctions/a_rdenreg.inc                                                ;         ;
; altrom.inc                       ; yes             ; Megafunction                 ; d:/applications/quartusii_v13.0/quartus/libraries/megafunctions/altrom.inc                                                   ;         ;
; altram.inc                       ; yes             ; Megafunction                 ; d:/applications/quartusii_v13.0/quartus/libraries/megafunctions/altram.inc                                                   ;         ;
; altdpram.inc                     ; yes             ; Megafunction                 ; d:/applications/quartusii_v13.0/quartus/libraries/megafunctions/altdpram.inc                                                 ;         ;
; db/altsyncram_qb91.tdf           ; yes             ; Auto-Generated Megafunction  ; D:/TylerHong/Development/Learn/Learning-FPGA/20250225--IP-ROM-Read-Only-Memory/Quartus Project/db/altsyncram_qb91.tdf        ;         ;
+----------------------------------+-----------------+------------------------------+------------------------------------------------------------------------------------------------------------------------------+---------+


+------------------------------------------------------------------+
; Analysis & Synthesis Resource Usage Summary                      ;
+---------------------------------------------+--------------------+
; Resource                                    ; Usage              ;
+---------------------------------------------+--------------------+
; Estimated Total logic elements              ; 353                ;
;                                             ;                    ;
; Total combinational functions               ; 314                ;
; Logic element usage by number of LUT inputs ;                    ;
;     -- 4 input functions                    ; 142                ;
;     -- 3 input functions                    ; 51                 ;
;     -- <=2 input functions                  ; 121                ;
;                                             ;                    ;
; Logic elements by mode                      ;                    ;
;     -- normal mode                          ; 228                ;
;     -- arithmetic mode                      ; 86                 ;
;                                             ;                    ;
; Total registers                             ; 222                ;
;     -- Dedicated logic registers            ; 222                ;
;     -- I/O registers                        ; 0                  ;
;                                             ;                    ;
; I/O pins                                    ; 8                  ;
; Total memory bits                           ; 2048               ;
; Embedded Multiplier 9-bit elements          ; 0                  ;
; Maximum fan-out node                        ; system_clock~input ;
; Maximum fan-out                             ; 230                ;
; Total fan-out                               ; 1872               ;
; Average fan-out                             ; 3.34               ;
+---------------------------------------------+--------------------+


+--------------------------------------------------------------------------------------------------------------------------------------------------------------------------------------------------------------------------------------------------------------------------------+
; Analysis & Synthesis Resource Utilization by Entity                                                                                                                                                                                                                            ;
+-------------------------------------------------+-------------------+--------------+-------------+--------------+---------+-----------+------+--------------+---------------------------------------------------------------------------------------------------+--------------+
; Compilation Hierarchy Node                      ; LC Combinationals ; LC Registers ; Memory Bits ; DSP Elements ; DSP 9x9 ; DSP 18x18 ; Pins ; Virtual Pins ; Full Hierarchy Name                                                                               ; Library Name ;
+-------------------------------------------------+-------------------+--------------+-------------+--------------+---------+-----------+------+--------------+---------------------------------------------------------------------------------------------------+--------------+
; |ROM                                            ; 314 (3)           ; 222 (0)      ; 2048        ; 0            ; 0       ; 0         ; 8    ; 0            ; |ROM                                                                                              ; work         ;
;    |Button_Debounce:Button_Debounce_Instance_1| ; 28 (28)           ; 21 (21)      ; 0           ; 0            ; 0       ; 0         ; 0    ; 0            ; |ROM|Button_Debounce:Button_Debounce_Instance_1                                                   ; work         ;
;    |Button_Debounce:Button_Debounce_Instance_2| ; 28 (28)           ; 21 (21)      ; 0           ; 0            ; 0       ; 0         ; 0    ; 0            ; |ROM|Button_Debounce:Button_Debounce_Instance_2                                                   ; work         ;
;    |ROM_8x256:ROM_8x256_inst|                   ; 0 (0)             ; 0 (0)        ; 2048        ; 0            ; 0       ; 0         ; 0    ; 0            ; |ROM|ROM_8x256:ROM_8x256_inst                                                                     ; work         ;
;       |altsyncram:altsyncram_component|         ; 0 (0)             ; 0 (0)        ; 2048        ; 0            ; 0       ; 0         ; 0    ; 0            ; |ROM|ROM_8x256:ROM_8x256_inst|altsyncram:altsyncram_component                                     ; work         ;
;          |altsyncram_qb91:auto_generated|       ; 0 (0)             ; 0 (0)        ; 2048        ; 0            ; 0       ; 0         ; 0    ; 0            ; |ROM|ROM_8x256:ROM_8x256_inst|altsyncram:altsyncram_component|altsyncram_qb91:auto_generated      ; work         ;
;    |ROM_Control:ROM_Control_Instance|           ; 59 (59)           ; 34 (34)      ; 0           ; 0            ; 0       ; 0         ; 0    ; 0            ; |ROM|ROM_Control:ROM_Control_Instance                                                             ; work         ;
;    |seg_595_dynamic:seg_595_dynamic_Instance|   ; 196 (0)           ; 146 (0)      ; 0           ; 0            ; 0       ; 0         ; 0    ; 0            ; |ROM|seg_595_dynamic:seg_595_dynamic_Instance                                                     ; work         ;
;       |hc595_ctrl:hc595_ctrl|                   ; 22 (22)           ; 9 (9)        ; 0           ; 0            ; 0       ; 0         ; 0    ; 0            ; |ROM|seg_595_dynamic:seg_595_dynamic_Instance|hc595_ctrl:hc595_ctrl                               ; work         ;
;       |seg_dynamic:seg_dynamic_inst|            ; 174 (83)          ; 137 (65)     ; 0           ; 0            ; 0       ; 0         ; 0    ; 0            ; |ROM|seg_595_dynamic:seg_595_dynamic_Instance|seg_dynamic:seg_dynamic_inst                        ; work         ;
;          |bcd_8421:bcd_8421_inst|               ; 91 (91)           ; 72 (72)      ; 0           ; 0            ; 0       ; 0         ; 0    ; 0            ; |ROM|seg_595_dynamic:seg_595_dynamic_Instance|seg_dynamic:seg_dynamic_inst|bcd_8421:bcd_8421_inst ; work         ;
+-------------------------------------------------+-------------------+--------------+-------------+--------------+---------+-----------+------+--------------+---------------------------------------------------------------------------------------------------+--------------+
Note: For table entries with two numbers listed, the numbers in parentheses indicate the number of resources of the given type used by the specific entity alone. The numbers listed outside of parentheses indicate the total resources of the given type used by the specific entity and all of its sub-entities in the hierarchy.


+-----------------------------------------------------------------------------------------------------------------------------------------------------------------------------------------------------+
; Analysis & Synthesis RAM Summary                                                                                                                                                                    ;
+----------------------------------------------------------------------------------------------------+------+------+--------------+--------------+--------------+--------------+------+---------------+
; Name                                                                                               ; Type ; Mode ; Port A Depth ; Port A Width ; Port B Depth ; Port B Width ; Size ; MIF           ;
+----------------------------------------------------------------------------------------------------+------+------+--------------+--------------+--------------+--------------+------+---------------+
; ROM_8x256:ROM_8x256_inst|altsyncram:altsyncram_component|altsyncram_qb91:auto_generated|ALTSYNCRAM ; AUTO ; ROM  ; 256          ; 8            ; --           ; --           ; 2048 ; ROM_8x256.mif ;
+----------------------------------------------------------------------------------------------------+------+------+--------------+--------------+--------------+--------------+------+---------------+


+------------------------------------------------------------------------------------------------------------------------------------------------------------------------------------------------------------------------------+
; Analysis & Synthesis IP Cores Summary                                                                                                                                                                                        ;
+--------+--------------+---------+--------------+--------------+-------------------------------+------------------------------------------------------------------------------------------------------------------------------+
; Vendor ; IP Core Name ; Version ; Release Date ; License Type ; Entity Instance               ; IP Include File                                                                                                              ;
+--------+--------------+---------+--------------+--------------+-------------------------------+------------------------------------------------------------------------------------------------------------------------------+
; Altera ; ROM: 1-PORT  ; 13.0    ; N/A          ; N/A          ; |ROM|ROM_8x256:ROM_8x256_inst ; D:/TylerHong/Development/Learn/Learning-FPGA/20250225--IP-ROM-Read-Only-Memory/Quartus Project/IP_Core/ROM_8x256/ROM_8x256.v ;
+--------+--------------+---------+--------------+--------------+-------------------------------+------------------------------------------------------------------------------------------------------------------------------+


+-----------------------------------------------------------------------------------------------------------------------------------------------------------------------------------------------+
; Registers Removed During Synthesis                                                                                                                                                            ;
+-----------------------------------------------------------------------------------------------------------+-----------------------------------------------------------------------------------+
; Register name                                                                                             ; Reason for Removal                                                                ;
+-----------------------------------------------------------------------------------------------------------+-----------------------------------------------------------------------------------+
; seg_595_dynamic:seg_595_dynamic_Instance|seg_dynamic:seg_dynamic_inst|dot_disp                            ; Stuck at VCC due to stuck port data_in                                            ;
; seg_595_dynamic:seg_595_dynamic_Instance|seg_dynamic:seg_dynamic_inst|seg[7]                              ; Stuck at VCC due to stuck port data_in                                            ;
; seg_595_dynamic:seg_595_dynamic_Instance|seg_dynamic:seg_dynamic_inst|bcd_8421:bcd_8421_inst|shift_flag   ; Merged with seg_595_dynamic:seg_595_dynamic_Instance|hc595_ctrl:hc595_ctrl|cnt[0] ;
; seg_595_dynamic:seg_595_dynamic_Instance|seg_dynamic:seg_dynamic_inst|cnt_1ms[0]                          ; Merged with seg_595_dynamic:seg_595_dynamic_Instance|hc595_ctrl:hc595_ctrl|cnt[0] ;
; seg_595_dynamic:seg_595_dynamic_Instance|seg_dynamic:seg_dynamic_inst|cnt_1ms[1]                          ; Merged with seg_595_dynamic:seg_595_dynamic_Instance|hc595_ctrl:hc595_ctrl|cnt[1] ;
; seg_595_dynamic:seg_595_dynamic_Instance|seg_dynamic:seg_dynamic_inst|bcd_8421:bcd_8421_inst|cnt_shift[0] ; Merged with seg_595_dynamic:seg_595_dynamic_Instance|hc595_ctrl:hc595_ctrl|cnt[1] ;
; Total Number of Removed Registers = 6                                                                     ;                                                                                   ;
+-----------------------------------------------------------------------------------------------------------+-----------------------------------------------------------------------------------+


+-------------------------------------------------------------------------------------------------------------------------------------------------------------------------------------------+
; Removed Registers Triggering Further Register Optimizations                                                                                                                               ;
+--------------------------------------------------------------------------------+---------------------------+------------------------------------------------------------------------------+
; Register name                                                                  ; Reason for Removal        ; Registers Removed due to This Register                                       ;
+--------------------------------------------------------------------------------+---------------------------+------------------------------------------------------------------------------+
; seg_595_dynamic:seg_595_dynamic_Instance|seg_dynamic:seg_dynamic_inst|dot_disp ; Stuck at VCC              ; seg_595_dynamic:seg_595_dynamic_Instance|seg_dynamic:seg_dynamic_inst|seg[7] ;
;                                                                                ; due to stuck port data_in ;                                                                              ;
+--------------------------------------------------------------------------------+---------------------------+------------------------------------------------------------------------------+


+------------------------------------------------------+
; General Register Statistics                          ;
+----------------------------------------------+-------+
; Statistic                                    ; Value ;
+----------------------------------------------+-------+
; Total registers                              ; 222   ;
; Number of registers using Synchronous Clear  ; 24    ;
; Number of registers using Synchronous Load   ; 40    ;
; Number of registers using Asynchronous Clear ; 222   ;
; Number of registers using Asynchronous Load  ; 0     ;
; Number of registers using Clock Enable       ; 68    ;
; Number of registers using Preset             ; 0     ;
+----------------------------------------------+-------+


+----------------------------------------------------------------------------------------+
; Inverted Register Statistics                                                           ;
+------------------------------------------------------------------------------+---------+
; Inverted Register                                                            ; Fan out ;
+------------------------------------------------------------------------------+---------+
; seg_595_dynamic:seg_595_dynamic_Instance|seg_dynamic:seg_dynamic_inst|seg[1] ; 1       ;
; seg_595_dynamic:seg_595_dynamic_Instance|seg_dynamic:seg_dynamic_inst|seg[0] ; 1       ;
; seg_595_dynamic:seg_595_dynamic_Instance|seg_dynamic:seg_dynamic_inst|seg[3] ; 1       ;
; seg_595_dynamic:seg_595_dynamic_Instance|seg_dynamic:seg_dynamic_inst|seg[2] ; 1       ;
; seg_595_dynamic:seg_595_dynamic_Instance|seg_dynamic:seg_dynamic_inst|seg[5] ; 1       ;
; seg_595_dynamic:seg_595_dynamic_Instance|seg_dynamic:seg_dynamic_inst|seg[4] ; 1       ;
; seg_595_dynamic:seg_595_dynamic_Instance|seg_dynamic:seg_dynamic_inst|seg[6] ; 1       ;
; Total number of inverted registers = 7                                       ;         ;
+------------------------------------------------------------------------------+---------+


+--------------------------------------------------------------------------------------------------------------------------------------------------------------------------------------------------------------------------------+
; Multiplexer Restructuring Statistics (Restructuring Performed)                                                                                                                                                                 ;
+--------------------+-----------+---------------+----------------------+------------------------+------------+------------------------------------------------------------------------------------------------------------------+
; Multiplexer Inputs ; Bus Width ; Baseline Area ; Area if Restructured ; Saving if Restructured ; Registered ; Example Multiplexer Output                                                                                       ;
+--------------------+-----------+---------------+----------------------+------------------------+------------+------------------------------------------------------------------------------------------------------------------+
; 3:1                ; 4 bits    ; 8 LEs         ; 4 LEs                ; 4 LEs                  ; Yes        ; |ROM|seg_595_dynamic:seg_595_dynamic_Instance|hc595_ctrl:hc595_ctrl|cnt_bit[3]                                   ;
; 3:1                ; 5 bits    ; 10 LEs        ; 5 LEs                ; 5 LEs                  ; Yes        ; |ROM|seg_595_dynamic:seg_595_dynamic_Instance|seg_dynamic:seg_dynamic_inst|sel_reg[5]                            ;
; 3:1                ; 12 bits   ; 24 LEs        ; 12 LEs               ; 12 LEs                 ; Yes        ; |ROM|seg_595_dynamic:seg_595_dynamic_Instance|seg_dynamic:seg_dynamic_inst|bcd_8421:bcd_8421_inst|data_shift[12] ;
; 3:1                ; 7 bits    ; 14 LEs        ; 7 LEs                ; 7 LEs                  ; Yes        ; |ROM|seg_595_dynamic:seg_595_dynamic_Instance|seg_dynamic:seg_dynamic_inst|bcd_8421:bcd_8421_inst|data_shift[5]  ;
; 3:1                ; 20 bits   ; 40 LEs        ; 40 LEs               ; 0 LEs                  ; Yes        ; |ROM|Button_Debounce:Button_Debounce_Instance_2|count_20ms[2]                                                    ;
; 3:1                ; 20 bits   ; 40 LEs        ; 40 LEs               ; 0 LEs                  ; Yes        ; |ROM|Button_Debounce:Button_Debounce_Instance_1|count_20ms[17]                                                   ;
; 8:1                ; 4 bits    ; 20 LEs        ; 16 LEs               ; 4 LEs                  ; Yes        ; |ROM|seg_595_dynamic:seg_595_dynamic_Instance|seg_dynamic:seg_dynamic_inst|data_disp[3]                          ;
; 5:1                ; 8 bits    ; 24 LEs        ; 16 LEs               ; 8 LEs                  ; Yes        ; |ROM|ROM_Control:ROM_Control_Instance|address[4]                                                                 ;
; 5:1                ; 4 bits    ; 12 LEs        ; 8 LEs                ; 4 LEs                  ; Yes        ; |ROM|seg_595_dynamic:seg_595_dynamic_Instance|seg_dynamic:seg_dynamic_inst|bcd_8421:bcd_8421_inst|data_shift[40] ;
; 5:1                ; 4 bits    ; 12 LEs        ; 8 LEs                ; 4 LEs                  ; Yes        ; |ROM|seg_595_dynamic:seg_595_dynamic_Instance|seg_dynamic:seg_dynamic_inst|bcd_8421:bcd_8421_inst|data_shift[39] ;
; 5:1                ; 4 bits    ; 12 LEs        ; 8 LEs                ; 4 LEs                  ; Yes        ; |ROM|seg_595_dynamic:seg_595_dynamic_Instance|seg_dynamic:seg_dynamic_inst|bcd_8421:bcd_8421_inst|data_shift[35] ;
; 5:1                ; 4 bits    ; 12 LEs        ; 8 LEs                ; 4 LEs                  ; Yes        ; |ROM|seg_595_dynamic:seg_595_dynamic_Instance|seg_dynamic:seg_dynamic_inst|bcd_8421:bcd_8421_inst|data_shift[28] ;
; 5:1                ; 4 bits    ; 12 LEs        ; 8 LEs                ; 4 LEs                  ; Yes        ; |ROM|seg_595_dynamic:seg_595_dynamic_Instance|seg_dynamic:seg_dynamic_inst|bcd_8421:bcd_8421_inst|data_shift[24] ;
; 5:1                ; 4 bits    ; 12 LEs        ; 8 LEs                ; 4 LEs                  ; Yes        ; |ROM|seg_595_dynamic:seg_595_dynamic_Instance|seg_dynamic:seg_dynamic_inst|bcd_8421:bcd_8421_inst|data_shift[21] ;
+--------------------+-----------+---------------+----------------------+------------------------+------------+------------------------------------------------------------------------------------------------------------------+


+----------------------------------------------------------------------------------------------------------------+
; Source assignments for ROM_8x256:ROM_8x256_inst|altsyncram:altsyncram_component|altsyncram_qb91:auto_generated ;
+---------------------------------+--------------------+------+--------------------------------------------------+
; Assignment                      ; Value              ; From ; To                                               ;
+---------------------------------+--------------------+------+--------------------------------------------------+
; OPTIMIZE_POWER_DURING_SYNTHESIS ; NORMAL_COMPILATION ; -    ; -                                                ;
+---------------------------------+--------------------+------+--------------------------------------------------+


+-----------------------------------------------------------------------------------------+
; Parameter Settings for User Entity Instance: Button_Debounce:Button_Debounce_Instance_1 ;
+----------------+----------------------+-------------------------------------------------+
; Parameter Name ; Value                ; Type                                            ;
+----------------+----------------------+-------------------------------------------------+
; COUNT_MAX      ; 11110100001000111111 ; Unsigned Binary                                 ;
+----------------+----------------------+-------------------------------------------------+
Note: In order to hide this table in the UI and the text report file, please set the "Show Parameter Settings in Synthesis Report" option in "Analysis and Synthesis Settings -> More Settings" to "Off".


+-----------------------------------------------------------------------------------------+
; Parameter Settings for User Entity Instance: Button_Debounce:Button_Debounce_Instance_2 ;
+----------------+----------------------+-------------------------------------------------+
; Parameter Name ; Value                ; Type                                            ;
+----------------+----------------------+-------------------------------------------------+
; COUNT_MAX      ; 11110100001000111111 ; Unsigned Binary                                 ;
+----------------+----------------------+-------------------------------------------------+
Note: In order to hide this table in the UI and the text report file, please set the "Show Parameter Settings in Synthesis Report" option in "Analysis and Synthesis Settings -> More Settings" to "Off".


+-------------------------------------------------------------------------------+
; Parameter Settings for User Entity Instance: ROM_Control:ROM_Control_Instance ;
+-----------------+--------------------------+----------------------------------+
; Parameter Name  ; Value                    ; Type                             ;
+-----------------+--------------------------+----------------------------------+
; COUNT_200ms_MAX ; 100110001001011001111111 ; Unsigned Binary                  ;
+-----------------+--------------------------+----------------------------------+
Note: In order to hide this table in the UI and the text report file, please set the "Show Parameter Settings in Synthesis Report" option in "Analysis and Synthesis Settings -> More Settings" to "Off".


+-------------------------------------------------------------------------------------------------------+
; Parameter Settings for User Entity Instance: ROM_8x256:ROM_8x256_inst|altsyncram:altsyncram_component ;
+------------------------------------+----------------------+-------------------------------------------+
; Parameter Name                     ; Value                ; Type                                      ;
+------------------------------------+----------------------+-------------------------------------------+
; BYTE_SIZE_BLOCK                    ; 8                    ; Untyped                                   ;
; AUTO_CARRY_CHAINS                  ; ON                   ; AUTO_CARRY                                ;
; IGNORE_CARRY_BUFFERS               ; OFF                  ; IGNORE_CARRY                              ;
; AUTO_CASCADE_CHAINS                ; ON                   ; AUTO_CASCADE                              ;
; IGNORE_CASCADE_BUFFERS             ; OFF                  ; IGNORE_CASCADE                            ;
; WIDTH_BYTEENA                      ; 1                    ; Untyped                                   ;
; OPERATION_MODE                     ; ROM                  ; Untyped                                   ;
; WIDTH_A                            ; 8                    ; Signed Integer                            ;
; WIDTHAD_A                          ; 8                    ; Signed Integer                            ;
; NUMWORDS_A                         ; 256                  ; Signed Integer                            ;
; OUTDATA_REG_A                      ; CLOCK0               ; Untyped                                   ;
; ADDRESS_ACLR_A                     ; NONE                 ; Untyped                                   ;
; OUTDATA_ACLR_A                     ; NONE                 ; Untyped                                   ;
; WRCONTROL_ACLR_A                   ; NONE                 ; Untyped                                   ;
; INDATA_ACLR_A                      ; NONE                 ; Untyped                                   ;
; BYTEENA_ACLR_A                     ; NONE                 ; Untyped                                   ;
; WIDTH_B                            ; 1                    ; Untyped                                   ;
; WIDTHAD_B                          ; 1                    ; Untyped                                   ;
; NUMWORDS_B                         ; 1                    ; Untyped                                   ;
; INDATA_REG_B                       ; CLOCK1               ; Untyped                                   ;
; WRCONTROL_WRADDRESS_REG_B          ; CLOCK1               ; Untyped                                   ;
; RDCONTROL_REG_B                    ; CLOCK1               ; Untyped                                   ;
; ADDRESS_REG_B                      ; CLOCK1               ; Untyped                                   ;
; OUTDATA_REG_B                      ; UNREGISTERED         ; Untyped                                   ;
; BYTEENA_REG_B                      ; CLOCK1               ; Untyped                                   ;
; INDATA_ACLR_B                      ; NONE                 ; Untyped                                   ;
; WRCONTROL_ACLR_B                   ; NONE                 ; Untyped                                   ;
; ADDRESS_ACLR_B                     ; NONE                 ; Untyped                                   ;
; OUTDATA_ACLR_B                     ; NONE                 ; Untyped                                   ;
; RDCONTROL_ACLR_B                   ; NONE                 ; Untyped                                   ;
; BYTEENA_ACLR_B                     ; NONE                 ; Untyped                                   ;
; WIDTH_BYTEENA_A                    ; 1                    ; Signed Integer                            ;
; WIDTH_BYTEENA_B                    ; 1                    ; Untyped                                   ;
; RAM_BLOCK_TYPE                     ; AUTO                 ; Untyped                                   ;
; BYTE_SIZE                          ; 8                    ; Untyped                                   ;
; READ_DURING_WRITE_MODE_MIXED_PORTS ; DONT_CARE            ; Untyped                                   ;
; READ_DURING_WRITE_MODE_PORT_A      ; NEW_DATA_NO_NBE_READ ; Untyped                                   ;
; READ_DURING_WRITE_MODE_PORT_B      ; NEW_DATA_NO_NBE_READ ; Untyped                                   ;
; INIT_FILE                          ; ROM_8x256.mif        ; Untyped                                   ;
; INIT_FILE_LAYOUT                   ; PORT_A               ; Untyped                                   ;
; MAXIMUM_DEPTH                      ; 0                    ; Untyped                                   ;
; CLOCK_ENABLE_INPUT_A               ; BYPASS               ; Untyped                                   ;
; CLOCK_ENABLE_INPUT_B               ; NORMAL               ; Untyped                                   ;
; CLOCK_ENABLE_OUTPUT_A              ; BYPASS               ; Untyped                                   ;
; CLOCK_ENABLE_OUTPUT_B              ; NORMAL               ; Untyped                                   ;
; CLOCK_ENABLE_CORE_A                ; USE_INPUT_CLKEN      ; Untyped                                   ;
; CLOCK_ENABLE_CORE_B                ; USE_INPUT_CLKEN      ; Untyped                                   ;
; ENABLE_ECC                         ; FALSE                ; Untyped                                   ;
; ECC_PIPELINE_STAGE_ENABLED         ; FALSE                ; Untyped                                   ;
; WIDTH_ECCSTATUS                    ; 3                    ; Untyped                                   ;
; DEVICE_FAMILY                      ; Cyclone IV E         ; Untyped                                   ;
; CBXI_PARAMETER                     ; altsyncram_qb91      ; Untyped                                   ;
+------------------------------------+----------------------+-------------------------------------------+
Note: In order to hide this table in the UI and the text report file, please set the "Show Parameter Settings in Synthesis Report" option in "Analysis and Synthesis Settings -> More Settings" to "Off".


+--------------------------------------------------------------------------------------------------------------------+
; Parameter Settings for User Entity Instance: seg_595_dynamic:seg_595_dynamic_Instance|seg_dynamic:seg_dynamic_inst ;
+----------------+------------------+--------------------------------------------------------------------------------+
; Parameter Name ; Value            ; Type                                                                           ;
+----------------+------------------+--------------------------------------------------------------------------------+
; CNT_MAX        ; 1100001101001111 ; Unsigned Binary                                                                ;
+----------------+------------------+--------------------------------------------------------------------------------+
Note: In order to hide this table in the UI and the text report file, please set the "Show Parameter Settings in Synthesis Report" option in "Analysis and Synthesis Settings -> More Settings" to "Off".


+------------------------------------------------------------------------------------------------------+
; altsyncram Parameter Settings by Entity Instance                                                     ;
+-------------------------------------------+----------------------------------------------------------+
; Name                                      ; Value                                                    ;
+-------------------------------------------+----------------------------------------------------------+
; Number of entity instances                ; 1                                                        ;
; Entity Instance                           ; ROM_8x256:ROM_8x256_inst|altsyncram:altsyncram_component ;
;     -- OPERATION_MODE                     ; ROM                                                      ;
;     -- WIDTH_A                            ; 8                                                        ;
;     -- NUMWORDS_A                         ; 256                                                      ;
;     -- OUTDATA_REG_A                      ; CLOCK0                                                   ;
;     -- WIDTH_B                            ; 1                                                        ;
;     -- NUMWORDS_B                         ; 1                                                        ;
;     -- ADDRESS_REG_B                      ; CLOCK1                                                   ;
;     -- OUTDATA_REG_B                      ; UNREGISTERED                                             ;
;     -- RAM_BLOCK_TYPE                     ; AUTO                                                     ;
;     -- READ_DURING_WRITE_MODE_MIXED_PORTS ; DONT_CARE                                                ;
+-------------------------------------------+----------------------------------------------------------+


+----------------------------------------------------------------------+
; Port Connectivity Checks: "seg_595_dynamic:seg_595_dynamic_Instance" ;
+-------------+-------+----------+-------------------------------------+
; Port        ; Type  ; Severity ; Details                             ;
+-------------+-------+----------+-------------------------------------+
; data[19..8] ; Input ; Info     ; Stuck at GND                        ;
; point       ; Input ; Info     ; Stuck at GND                        ;
; sign        ; Input ; Info     ; Stuck at GND                        ;
; seg_en      ; Input ; Info     ; Stuck at VCC                        ;
+-------------+-------+----------+-------------------------------------+


+-------------------------------+
; Elapsed Time Per Partition    ;
+----------------+--------------+
; Partition Name ; Elapsed Time ;
+----------------+--------------+
; Top            ; 00:00:00     ;
+----------------+--------------+


+-------------------------------+
; Analysis & Synthesis Messages ;
+-------------------------------+
Info: *******************************************************************
Info: Running Quartus II 64-Bit Analysis & Synthesis
    Info: Version 13.0.1 Build 232 06/12/2013 Service Pack 1 SJ Full Version
    Info: Processing started: Fri Feb 28 20:56:23 2025
Info: Command: quartus_map --read_settings_files=on --write_settings_files=off IP-ROM -c IP-ROM
Info (11104): Parallel Compilation has detected 22 hyper-threaded processors. However, the extra hyper-threaded processors will not be used by default. Parallel Compilation will use 16 of the 16 physical processors detected instead.
Info (12021): Found 1 design units, including 1 entities, in source file /tylerhong/development/learn/learning-fpga/20250225--ip-rom-read-only-memory/simulation/simulation_rom.v
    Info (12023): Found entity 1: Simulation_ROM
Info (12021): Found 1 design units, including 1 entities, in source file /tylerhong/development/learn/learning-fpga/20250225--ip-rom-read-only-memory/rtl/seg_dynamic.v
    Info (12023): Found entity 1: seg_dynamic
Info (12021): Found 1 design units, including 1 entities, in source file /tylerhong/development/learn/learning-fpga/20250225--ip-rom-read-only-memory/rtl/seg_595_dynamic.v
    Info (12023): Found entity 1: seg_595_dynamic
Info (12021): Found 1 design units, including 1 entities, in source file /tylerhong/development/learn/learning-fpga/20250225--ip-rom-read-only-memory/rtl/hc595_ctrl.v
    Info (12023): Found entity 1: hc595_ctrl
Info (12021): Found 1 design units, including 1 entities, in source file /tylerhong/development/learn/learning-fpga/20250225--ip-rom-read-only-memory/rtl/button_debounce.v
    Info (12023): Found entity 1: Button_Debounce
Info (12021): Found 1 design units, including 1 entities, in source file /tylerhong/development/learn/learning-fpga/20250225--ip-rom-read-only-memory/rtl/bcd_8421.v
    Info (12023): Found entity 1: bcd_8421
Info (12021): Found 1 design units, including 1 entities, in source file /tylerhong/development/learn/learning-fpga/20250225--ip-rom-read-only-memory/rtl/rom.v
    Info (12023): Found entity 1: ROM
Info (12021): Found 1 design units, including 1 entities, in source file /tylerhong/development/learn/learning-fpga/20250225--ip-rom-read-only-memory/simulation/simulation_rom_control.v
    Info (12023): Found entity 1: Simulation_ROM_Control
Info (12021): Found 1 design units, including 1 entities, in source file /tylerhong/development/learn/learning-fpga/20250225--ip-rom-read-only-memory/rtl/rom_control.v
    Info (12023): Found entity 1: ROM_Control
Info (12021): Found 1 design units, including 1 entities, in source file ip_core/rom_8x256/rom_8x256.v
    Info (12023): Found entity 1: ROM_8x256
Info (12021): Found 1 design units, including 1 entities, in source file ip_core/rom_8x256_double/rom_8x256_double.v
    Info (12023): Found entity 1: ROM_8x256_Double
Info (12127): Elaborating entity "ROM" for the top level hierarchy
Info (12128): Elaborating entity "Button_Debounce" for hierarchy "Button_Debounce:Button_Debounce_Instance_1"
Info (12128): Elaborating entity "ROM_Control" for hierarchy "ROM_Control:ROM_Control_Instance"
Info (12128): Elaborating entity "ROM_8x256" for hierarchy "ROM_8x256:ROM_8x256_inst"
Info (12128): Elaborating entity "altsyncram" for hierarchy "ROM_8x256:ROM_8x256_inst|altsyncram:altsyncram_component"
Info (12130): Elaborated megafunction instantiation "ROM_8x256:ROM_8x256_inst|altsyncram:altsyncram_component"
Info (12133): Instantiated megafunction "ROM_8x256:ROM_8x256_inst|altsyncram:altsyncram_component" with the following parameter:
    Info (12134): Parameter "address_aclr_a" = "NONE"
    Info (12134): Parameter "clock_enable_input_a" = "BYPASS"
    Info (12134): Parameter "clock_enable_output_a" = "BYPASS"
    Info (12134): Parameter "init_file" = "ROM_8x256.mif"
    Info (12134): Parameter "intended_device_family" = "Cyclone IV E"
    Info (12134): Parameter "lpm_hint" = "ENABLE_RUNTIME_MOD=NO"
    Info (12134): Parameter "lpm_type" = "altsyncram"
    Info (12134): Parameter "numwords_a" = "256"
    Info (12134): Parameter "operation_mode" = "ROM"
    Info (12134): Parameter "outdata_aclr_a" = "NONE"
    Info (12134): Parameter "outdata_reg_a" = "CLOCK0"
    Info (12134): Parameter "widthad_a" = "8"
    Info (12134): Parameter "width_a" = "8"
    Info (12134): Parameter "width_byteena_a" = "1"
Info (12021): Found 1 design units, including 1 entities, in source file db/altsyncram_qb91.tdf
    Info (12023): Found entity 1: altsyncram_qb91
Info (12128): Elaborating entity "altsyncram_qb91" for hierarchy "ROM_8x256:ROM_8x256_inst|altsyncram:altsyncram_component|altsyncram_qb91:auto_generated"
Info (12128): Elaborating entity "seg_595_dynamic" for hierarchy "seg_595_dynamic:seg_595_dynamic_Instance"
Info (12128): Elaborating entity "seg_dynamic" for hierarchy "seg_595_dynamic:seg_595_dynamic_Instance|seg_dynamic:seg_dynamic_inst"
Info (12128): Elaborating entity "bcd_8421" for hierarchy "seg_595_dynamic:seg_595_dynamic_Instance|seg_dynamic:seg_dynamic_inst|bcd_8421:bcd_8421_inst"
Info (12128): Elaborating entity "hc595_ctrl" for hierarchy "seg_595_dynamic:seg_595_dynamic_Instance|hc595_ctrl:hc595_ctrl"
Info (13000): Registers with preset signals will power-up high
Info (13003): DEV_CLRn pin will set, and not reset, register with preset signal due to NOT Gate Push-Back
Warning (13024): Output pins are stuck at VCC or GND
    Warning (13410): Pin "oe" is stuck at GND
Info (286030): Timing-Driven Synthesis is running
Info (16010): Generating hard_block partition "hard_block:auto_generated_inst"
    Info (16011): Adding 0 node(s), including 0 DDIO, 0 PLL, 0 transceiver and 0 LCELL
Info (21057): Implemented 369 device resources after synthesis - the final resource count might be different
    Info (21058): Implemented 4 input pins
    Info (21059): Implemented 4 output pins
    Info (21061): Implemented 353 logic cells
    Info (21064): Implemented 8 RAM segments
Info: Quartus II 64-Bit Analysis & Synthesis was successful. 0 errors, 2 warnings
    Info: Peak virtual memory: 4640 megabytes
    Info: Processing ended: Fri Feb 28 20:56:25 2025
    Info: Elapsed time: 00:00:02
    Info: Total CPU time (on all processors): 00:00:02


