Analysis & Synthesis report for Dynamic_Digital_Tube
Tue Feb 25 20:40:16 2025
Quartus II 64-Bit Version 13.0.1 Build 232 06/12/2013 Service Pack 1 SJ Full Version


---------------------
; Table of Contents ;
---------------------
  1. Legal Notice
  2. Analysis & Synthesis Summary
  3. Analysis & Synthesis Settings
  4. Parallel Compilation
  5. Analysis & Synthesis Source Files Read
  6. Analysis & Synthesis Resource Usage Summary
  7. Analysis & Synthesis Resource Utilization by Entity
  8. Registers Removed During Synthesis
  9. Removed Registers Triggering Further Register Optimizations
 10. General Register Statistics
 11. Inverted Register Statistics
 12. Multiplexer Restructuring Statistics (Restructuring Performed)
 13. Parameter Settings for User Entity Instance: Data_Generation:Data_Generation_Instance
 14. Parameter Settings for User Entity Instance: Segment_595_Dynamic:Segment_595_Dynamic_Instance|Segment_Dynamic:Segment_Dynamic_Instance
 15. Elapsed Time Per Partition
 16. Analysis & Synthesis Messages



----------------
; Legal Notice ;
----------------
Copyright (C) 1991-2013 Altera Corporation
Your use of Altera Corporation's design tools, logic functions 
and other software and tools, and its AMPP partner logic 
functions, and any output files from any of the foregoing 
(including device programming or simulation files), and any 
associated documentation or information are expressly subject 
to the terms and conditions of the Altera Program License 
Subscription Agreement, Altera MegaCore Function License 
Agreement, or other applicable license agreement, including, 
without limitation, that your use is for the sole purpose of 
programming logic devices manufactured by Altera and sold by 
Altera or its authorized distributors.  Please refer to the 
applicable agreement for further details.



+---------------------------------------------------------------------------------------+
; Analysis & Synthesis Summary                                                          ;
+------------------------------------+--------------------------------------------------+
; Analysis & Synthesis Status        ; Successful - Tue Feb 25 20:40:16 2025            ;
; Quartus II 64-Bit Version          ; 13.0.1 Build 232 06/12/2013 SP 1 SJ Full Version ;
; Revision Name                      ; Dynamic_Digital_Tube                             ;
; Top-level Entity Name              ; Dynamic_Digital_Tube                             ;
; Family                             ; Cyclone IV E                                     ;
; Total logic elements               ; 308                                              ;
;     Total combinational functions  ; 267                                              ;
;     Dedicated logic registers      ; 186                                              ;
; Total registers                    ; 186                                              ;
; Total pins                         ; 6                                                ;
; Total virtual pins                 ; 0                                                ;
; Total memory bits                  ; 0                                                ;
; Embedded Multiplier 9-bit elements ; 0                                                ;
; Total PLLs                         ; 0                                                ;
+------------------------------------+--------------------------------------------------+


+--------------------------------------------------------------------------------------------------------------------------+
; Analysis & Synthesis Settings                                                                                            ;
+----------------------------------------------------------------------------+----------------------+----------------------+
; Option                                                                     ; Setting              ; Default Value        ;
+----------------------------------------------------------------------------+----------------------+----------------------+
; Device                                                                     ; EP4CE10F17C8         ;                      ;
; Top-level entity name                                                      ; Dynamic_Digital_Tube ; Dynamic_Digital_Tube ;
; Family name                                                                ; Cyclone IV E         ; Cyclone IV GX        ;
; Use smart compilation                                                      ; Off                  ; Off                  ;
; Enable parallel Assembler and TimeQuest Timing Analyzer during compilation ; On                   ; On                   ;
; Enable compact report table                                                ; Off                  ; Off                  ;
; Restructure Multiplexers                                                   ; Auto                 ; Auto                 ;
; Create Debugging Nodes for IP Cores                                        ; Off                  ; Off                  ;
; Preserve fewer node names                                                  ; On                   ; On                   ;
; Disable OpenCore Plus hardware evaluation                                  ; Off                  ; Off                  ;
; Verilog Version                                                            ; Verilog_2001         ; Verilog_2001         ;
; VHDL Version                                                               ; VHDL_1993            ; VHDL_1993            ;
; State Machine Processing                                                   ; Auto                 ; Auto                 ;
; Safe State Machine                                                         ; Off                  ; Off                  ;
; Extract Verilog State Machines                                             ; On                   ; On                   ;
; Extract VHDL State Machines                                                ; On                   ; On                   ;
; Ignore Verilog initial constructs                                          ; Off                  ; Off                  ;
; Iteration limit for constant Verilog loops                                 ; 5000                 ; 5000                 ;
; Iteration limit for non-constant Verilog loops                             ; 250                  ; 250                  ;
; Add Pass-Through Logic to Inferred RAMs                                    ; On                   ; On                   ;
; Infer RAMs from Raw Logic                                                  ; On                   ; On                   ;
; Parallel Synthesis                                                         ; On                   ; On                   ;
; DSP Block Balancing                                                        ; Auto                 ; Auto                 ;
; NOT Gate Push-Back                                                         ; On                   ; On                   ;
; Power-Up Don't Care                                                        ; On                   ; On                   ;
; Remove Redundant Logic Cells                                               ; Off                  ; Off                  ;
; Remove Duplicate Registers                                                 ; On                   ; On                   ;
; Ignore CARRY Buffers                                                       ; Off                  ; Off                  ;
; Ignore CASCADE Buffers                                                     ; Off                  ; Off                  ;
; Ignore GLOBAL Buffers                                                      ; Off                  ; Off                  ;
; Ignore ROW GLOBAL Buffers                                                  ; Off                  ; Off                  ;
; Ignore LCELL Buffers                                                       ; Off                  ; Off                  ;
; Ignore SOFT Buffers                                                        ; On                   ; On                   ;
; Limit AHDL Integers to 32 Bits                                             ; Off                  ; Off                  ;
; Optimization Technique                                                     ; Balanced             ; Balanced             ;
; Carry Chain Length                                                         ; 70                   ; 70                   ;
; Auto Carry Chains                                                          ; On                   ; On                   ;
; Auto Open-Drain Pins                                                       ; On                   ; On                   ;
; Perform WYSIWYG Primitive Resynthesis                                      ; Off                  ; Off                  ;
; Auto ROM Replacement                                                       ; On                   ; On                   ;
; Auto RAM Replacement                                                       ; On                   ; On                   ;
; Auto DSP Block Replacement                                                 ; On                   ; On                   ;
; Auto Shift Register Replacement                                            ; Auto                 ; Auto                 ;
; Allow Shift Register Merging across Hierarchies                            ; Auto                 ; Auto                 ;
; Auto Clock Enable Replacement                                              ; On                   ; On                   ;
; Strict RAM Replacement                                                     ; Off                  ; Off                  ;
; Allow Synchronous Control Signals                                          ; On                   ; On                   ;
; Force Use of Synchronous Clear Signals                                     ; Off                  ; Off                  ;
; Auto RAM Block Balancing                                                   ; On                   ; On                   ;
; Auto RAM to Logic Cell Conversion                                          ; Off                  ; Off                  ;
; Auto Resource Sharing                                                      ; Off                  ; Off                  ;
; Allow Any RAM Size For Recognition                                         ; Off                  ; Off                  ;
; Allow Any ROM Size For Recognition                                         ; Off                  ; Off                  ;
; Allow Any Shift Register Size For Recognition                              ; Off                  ; Off                  ;
; Use LogicLock Constraints during Resource Balancing                        ; On                   ; On                   ;
; Ignore translate_off and synthesis_off directives                          ; Off                  ; Off                  ;
; Timing-Driven Synthesis                                                    ; On                   ; On                   ;
; Report Parameter Settings                                                  ; On                   ; On                   ;
; Report Source Assignments                                                  ; On                   ; On                   ;
; Report Connectivity Checks                                                 ; On                   ; On                   ;
; Ignore Maximum Fan-Out Assignments                                         ; Off                  ; Off                  ;
; Synchronization Register Chain Length                                      ; 2                    ; 2                    ;
; PowerPlay Power Optimization                                               ; Normal compilation   ; Normal compilation   ;
; HDL message level                                                          ; Level2               ; Level2               ;
; Suppress Register Optimization Related Messages                            ; Off                  ; Off                  ;
; Number of Removed Registers Reported in Synthesis Report                   ; 5000                 ; 5000                 ;
; Number of Swept Nodes Reported in Synthesis Report                         ; 5000                 ; 5000                 ;
; Number of Inverted Registers Reported in Synthesis Report                  ; 100                  ; 100                  ;
; Clock MUX Protection                                                       ; On                   ; On                   ;
; Auto Gated Clock Conversion                                                ; Off                  ; Off                  ;
; Block Design Naming                                                        ; Auto                 ; Auto                 ;
; SDC constraint protection                                                  ; Off                  ; Off                  ;
; Synthesis Effort                                                           ; Auto                 ; Auto                 ;
; Shift Register Replacement - Allow Asynchronous Clear Signal               ; On                   ; On                   ;
; Pre-Mapping Resynthesis Optimization                                       ; Off                  ; Off                  ;
; Analysis & Synthesis Message Level                                         ; Medium               ; Medium               ;
; Disable Register Merging Across Hierarchies                                ; Auto                 ; Auto                 ;
; Resource Aware Inference For Block RAM                                     ; On                   ; On                   ;
; Synthesis Seed                                                             ; 1                    ; 1                    ;
+----------------------------------------------------------------------------+----------------------+----------------------+


+------------------------------------------+
; Parallel Compilation                     ;
+----------------------------+-------------+
; Processors                 ; Number      ;
+----------------------------+-------------+
; Number detected on machine ; 22          ;
; Maximum allowed            ; 16          ;
;                            ;             ;
; Average used               ; 1.00        ;
; Maximum used               ; 1           ;
;                            ;             ;
; Usage by Processor         ; % Time Used ;
;     Processor 1            ; 100.0%      ;
;     Processors 2-22        ;   0.0%      ;
+----------------------------+-------------+


+-----------------------------------------------------------------------------------------------------------------------------------------------------------------------------------------------+
; Analysis & Synthesis Source Files Read                                                                                                                                                        ;
+----------------------------------+-----------------+------------------------+-------------------------------------------------------------------------------------------------------+---------+
; File Name with User-Entered Path ; Used in Netlist ; File Type              ; File Name with Absolute Path                                                                          ; Library ;
+----------------------------------+-----------------+------------------------+-------------------------------------------------------------------------------------------------------+---------+
; ../RTL/Dynamic_Digital_Tube.v    ; yes             ; User Verilog HDL File  ; D:/TylerHong/Development/Learn/Learning-FPGA/20250221-Dynamic-Digital-Tube/RTL/Dynamic_Digital_Tube.v ;         ;
; ../RTL/Segment_595_Dynamic.v     ; yes             ; User Verilog HDL File  ; D:/TylerHong/Development/Learn/Learning-FPGA/20250221-Dynamic-Digital-Tube/RTL/Segment_595_Dynamic.v  ;         ;
; ../RTL/hc595_control.v           ; yes             ; User Verilog HDL File  ; D:/TylerHong/Development/Learn/Learning-FPGA/20250221-Dynamic-Digital-Tube/RTL/hc595_control.v        ;         ;
; ../RTL/Segment_Dynamic.v         ; yes             ; User Verilog HDL File  ; D:/TylerHong/Development/Learn/Learning-FPGA/20250221-Dynamic-Digital-Tube/RTL/Segment_Dynamic.v      ;         ;
; ../RTL/BCD_8421.v                ; yes             ; User Verilog HDL File  ; D:/TylerHong/Development/Learn/Learning-FPGA/20250221-Dynamic-Digital-Tube/RTL/BCD_8421.v             ;         ;
; ../RTL/Data_Generation.v         ; yes             ; User Verilog HDL File  ; D:/TylerHong/Development/Learn/Learning-FPGA/20250221-Dynamic-Digital-Tube/RTL/Data_Generation.v      ;         ;
+----------------------------------+-----------------+------------------------+-------------------------------------------------------------------------------------------------------+---------+


+------------------------------------------------------------------+
; Analysis & Synthesis Resource Usage Summary                      ;
+---------------------------------------------+--------------------+
; Resource                                    ; Usage              ;
+---------------------------------------------+--------------------+
; Estimated Total logic elements              ; 308                ;
;                                             ;                    ;
; Total combinational functions               ; 267                ;
; Logic element usage by number of LUT inputs ;                    ;
;     -- 4 input functions                    ; 126                ;
;     -- 3 input functions                    ; 61                 ;
;     -- <=2 input functions                  ; 80                 ;
;                                             ;                    ;
; Logic elements by mode                      ;                    ;
;     -- normal mode                          ; 209                ;
;     -- arithmetic mode                      ; 58                 ;
;                                             ;                    ;
; Total registers                             ; 186                ;
;     -- Dedicated logic registers            ; 186                ;
;     -- I/O registers                        ; 0                  ;
;                                             ;                    ;
; I/O pins                                    ; 6                  ;
; Embedded Multiplier 9-bit elements          ; 0                  ;
; Maximum fan-out node                        ; system_clock~input ;
; Maximum fan-out                             ; 186                ;
; Total fan-out                               ; 1497               ;
; Average fan-out                             ; 3.22               ;
+---------------------------------------------+--------------------+


+-------------------------------------------------------------------------------------------------------------------------------------------------------------------------------------------------------------------------------------------------------------------------------------------------------------------------------+
; Analysis & Synthesis Resource Utilization by Entity                                                                                                                                                                                                                                                                           ;
+-------------------------------------------------------+-------------------+--------------+-------------+--------------+---------+-----------+------+--------------+--------------------------------------------------------------------------------------------------------------------------------------------+--------------+
; Compilation Hierarchy Node                            ; LC Combinationals ; LC Registers ; Memory Bits ; DSP Elements ; DSP 9x9 ; DSP 18x18 ; Pins ; Virtual Pins ; Full Hierarchy Name                                                                                                                        ; Library Name ;
+-------------------------------------------------------+-------------------+--------------+-------------+--------------+---------+-----------+------+--------------+--------------------------------------------------------------------------------------------------------------------------------------------+--------------+
; |Dynamic_Digital_Tube                                 ; 267 (0)           ; 186 (0)      ; 0           ; 0            ; 0       ; 0         ; 6    ; 0            ; |Dynamic_Digital_Tube                                                                                                                      ; work         ;
;    |Data_Generation:Data_Generation_Instance|         ; 71 (71)           ; 41 (41)      ; 0           ; 0            ; 0       ; 0         ; 0    ; 0            ; |Dynamic_Digital_Tube|Data_Generation:Data_Generation_Instance                                                                             ; work         ;
;    |Segment_595_Dynamic:Segment_595_Dynamic_Instance| ; 196 (0)           ; 145 (0)      ; 0           ; 0            ; 0       ; 0         ; 0    ; 0            ; |Dynamic_Digital_Tube|Segment_595_Dynamic:Segment_595_Dynamic_Instance                                                                     ; work         ;
;       |Segment_Dynamic:Segment_Dynamic_Instance|      ; 178 (93)          ; 137 (65)     ; 0           ; 0            ; 0       ; 0         ; 0    ; 0            ; |Dynamic_Digital_Tube|Segment_595_Dynamic:Segment_595_Dynamic_Instance|Segment_Dynamic:Segment_Dynamic_Instance                            ; work         ;
;          |BDC_8421:BDC_8421_Instance|                 ; 85 (85)           ; 72 (72)      ; 0           ; 0            ; 0       ; 0         ; 0    ; 0            ; |Dynamic_Digital_Tube|Segment_595_Dynamic:Segment_595_Dynamic_Instance|Segment_Dynamic:Segment_Dynamic_Instance|BDC_8421:BDC_8421_Instance ; work         ;
;       |hc595_control:hc595_control_Instance|          ; 18 (18)           ; 8 (8)        ; 0           ; 0            ; 0       ; 0         ; 0    ; 0            ; |Dynamic_Digital_Tube|Segment_595_Dynamic:Segment_595_Dynamic_Instance|hc595_control:hc595_control_Instance                                ; work         ;
+-------------------------------------------------------+-------------------+--------------+-------------+--------------+---------+-----------+------+--------------+--------------------------------------------------------------------------------------------------------------------------------------------+--------------+
Note: For table entries with two numbers listed, the numbers in parentheses indicate the number of resources of the given type used by the specific entity alone. The numbers listed outside of parentheses indicate the total resources of the given type used by the specific entity and all of its sub-entities in the hierarchy.


+----------------------------------------------------------------------------------------------------------------------------------------------------------------------------------------------------------------------------------------------------------+
; Registers Removed During Synthesis                                                                                                                                                                                                                       ;
+-------------------------------------------------------------------------------------------------------------------------------------+--------------------------------------------------------------------------------------------------------------------+
; Register name                                                                                                                       ; Reason for Removal                                                                                                 ;
+-------------------------------------------------------------------------------------------------------------------------------------+--------------------------------------------------------------------------------------------------------------------+
; Segment_595_Dynamic:Segment_595_Dynamic_Instance|Segment_Dynamic:Segment_Dynamic_Instance|dot_display                               ; Stuck at VCC due to stuck port data_in                                                                             ;
; Segment_595_Dynamic:Segment_595_Dynamic_Instance|Segment_Dynamic:Segment_Dynamic_Instance|segment[7]                                ; Stuck at VCC due to stuck port data_in                                                                             ;
; Segment_595_Dynamic:Segment_595_Dynamic_Instance|hc595_control:hc595_control_Instance|count[0]                                      ; Merged with Segment_595_Dynamic:Segment_595_Dynamic_Instance|hc595_control:hc595_control_Instance|count_bit[0]     ;
; Segment_595_Dynamic:Segment_595_Dynamic_Instance|Segment_Dynamic:Segment_Dynamic_Instance|BDC_8421:BDC_8421_Instance|shift_flag     ; Merged with Segment_595_Dynamic:Segment_595_Dynamic_Instance|hc595_control:hc595_control_Instance|count_bit[0]     ;
; Segment_595_Dynamic:Segment_595_Dynamic_Instance|Segment_Dynamic:Segment_Dynamic_Instance|count_1ms[0]                              ; Merged with Segment_595_Dynamic:Segment_595_Dynamic_Instance|hc595_control:hc595_control_Instance|count_bit[0]     ;
; Data_Generation:Data_Generation_Instance|count_100ms[0]                                                                             ; Merged with Segment_595_Dynamic:Segment_595_Dynamic_Instance|hc595_control:hc595_control_Instance|count_bit[0]     ;
; Segment_595_Dynamic:Segment_595_Dynamic_Instance|Segment_Dynamic:Segment_Dynamic_Instance|BDC_8421:BDC_8421_Instance|count_shift[0] ; Merged with Segment_595_Dynamic:Segment_595_Dynamic_Instance|hc595_control:hc595_control_Instance|count[1]         ;
; Data_Generation:Data_Generation_Instance|count_100ms[1]                                                                             ; Merged with Segment_595_Dynamic:Segment_595_Dynamic_Instance|Segment_Dynamic:Segment_Dynamic_Instance|count_1ms[1] ;
; Segment_595_Dynamic:Segment_595_Dynamic_Instance|Segment_Dynamic:Segment_Dynamic_Instance|count_1ms[1]                              ; Merged with Segment_595_Dynamic:Segment_595_Dynamic_Instance|hc595_control:hc595_control_Instance|count[1]         ;
; Data_Generation:Data_Generation_Instance|count_100ms[2]                                                                             ; Merged with Segment_595_Dynamic:Segment_595_Dynamic_Instance|Segment_Dynamic:Segment_Dynamic_Instance|count_1ms[2] ;
; Data_Generation:Data_Generation_Instance|count_100ms[3]                                                                             ; Merged with Segment_595_Dynamic:Segment_595_Dynamic_Instance|Segment_Dynamic:Segment_Dynamic_Instance|count_1ms[3] ;
; Total Number of Removed Registers = 11                                                                                              ;                                                                                                                    ;
+-------------------------------------------------------------------------------------------------------------------------------------+--------------------------------------------------------------------------------------------------------------------+


+------------------------------------------------------------------------------------------------------------------------------------------------------------------------------------------------------------------------------------------+
; Removed Registers Triggering Further Register Optimizations                                                                                                                                                                              ;
+-------------------------------------------------------------------------------------------------------+---------------------------+------------------------------------------------------------------------------------------------------+
; Register name                                                                                         ; Reason for Removal        ; Registers Removed due to This Register                                                               ;
+-------------------------------------------------------------------------------------------------------+---------------------------+------------------------------------------------------------------------------------------------------+
; Segment_595_Dynamic:Segment_595_Dynamic_Instance|Segment_Dynamic:Segment_Dynamic_Instance|dot_display ; Stuck at VCC              ; Segment_595_Dynamic:Segment_595_Dynamic_Instance|Segment_Dynamic:Segment_Dynamic_Instance|segment[7] ;
;                                                                                                       ; due to stuck port data_in ;                                                                                                      ;
+-------------------------------------------------------------------------------------------------------+---------------------------+------------------------------------------------------------------------------------------------------+


+------------------------------------------------------+
; General Register Statistics                          ;
+----------------------------------------------+-------+
; Statistic                                    ; Value ;
+----------------------------------------------+-------+
; Total registers                              ; 186   ;
; Number of registers using Synchronous Clear  ; 0     ;
; Number of registers using Synchronous Load   ; 0     ;
; Number of registers using Asynchronous Clear ; 186   ;
; Number of registers using Asynchronous Load  ; 0     ;
; Number of registers using Clock Enable       ; 90    ;
; Number of registers using Preset             ; 0     ;
+----------------------------------------------+-------+


+----------------------------------------------------------------------------------------------------------------+
; Inverted Register Statistics                                                                                   ;
+------------------------------------------------------------------------------------------------------+---------+
; Inverted Register                                                                                    ; Fan out ;
+------------------------------------------------------------------------------------------------------+---------+
; Segment_595_Dynamic:Segment_595_Dynamic_Instance|Segment_Dynamic:Segment_Dynamic_Instance|segment[1] ; 1       ;
; Segment_595_Dynamic:Segment_595_Dynamic_Instance|Segment_Dynamic:Segment_Dynamic_Instance|segment[0] ; 1       ;
; Segment_595_Dynamic:Segment_595_Dynamic_Instance|Segment_Dynamic:Segment_Dynamic_Instance|segment[3] ; 1       ;
; Segment_595_Dynamic:Segment_595_Dynamic_Instance|Segment_Dynamic:Segment_Dynamic_Instance|segment[2] ; 1       ;
; Segment_595_Dynamic:Segment_595_Dynamic_Instance|Segment_Dynamic:Segment_Dynamic_Instance|segment[5] ; 1       ;
; Segment_595_Dynamic:Segment_595_Dynamic_Instance|Segment_Dynamic:Segment_Dynamic_Instance|segment[4] ; 1       ;
; Segment_595_Dynamic:Segment_595_Dynamic_Instance|Segment_Dynamic:Segment_Dynamic_Instance|segment[6] ; 1       ;
; Total number of inverted registers = 7                                                               ;         ;
+------------------------------------------------------------------------------------------------------+---------+


+-------------------------------------------------------------------------------------------------------------------------------------------------------------------------------------------------------------------------------------------------------------------------+
; Multiplexer Restructuring Statistics (Restructuring Performed)                                                                                                                                                                                                          ;
+--------------------+-----------+---------------+----------------------+------------------------+------------+-----------------------------------------------------------------------------------------------------------------------------------------------------------+
; Multiplexer Inputs ; Bus Width ; Baseline Area ; Area if Restructured ; Saving if Restructured ; Registered ; Example Multiplexer Output                                                                                                                                ;
+--------------------+-----------+---------------+----------------------+------------------------+------------+-----------------------------------------------------------------------------------------------------------------------------------------------------------+
; 3:1                ; 5 bits    ; 10 LEs        ; 5 LEs                ; 5 LEs                  ; Yes        ; |Dynamic_Digital_Tube|Segment_595_Dynamic:Segment_595_Dynamic_Instance|Segment_Dynamic:Segment_Dynamic_Instance|selection_register[5]                     ;
; 3:1                ; 19 bits   ; 38 LEs        ; 19 LEs               ; 19 LEs                 ; Yes        ; |Dynamic_Digital_Tube|Segment_595_Dynamic:Segment_595_Dynamic_Instance|Segment_Dynamic:Segment_Dynamic_Instance|BDC_8421:BDC_8421_Instance|data_shift[14] ;
; 8:1                ; 4 bits    ; 20 LEs        ; 16 LEs               ; 4 LEs                  ; Yes        ; |Dynamic_Digital_Tube|Segment_595_Dynamic:Segment_595_Dynamic_Instance|Segment_Dynamic:Segment_Dynamic_Instance|data_display[3]                           ;
; 5:1                ; 4 bits    ; 12 LEs        ; 8 LEs                ; 4 LEs                  ; Yes        ; |Dynamic_Digital_Tube|Segment_595_Dynamic:Segment_595_Dynamic_Instance|Segment_Dynamic:Segment_Dynamic_Instance|BDC_8421:BDC_8421_Instance|data_shift[43] ;
; 5:1                ; 4 bits    ; 12 LEs        ; 8 LEs                ; 4 LEs                  ; Yes        ; |Dynamic_Digital_Tube|Segment_595_Dynamic:Segment_595_Dynamic_Instance|Segment_Dynamic:Segment_Dynamic_Instance|BDC_8421:BDC_8421_Instance|data_shift[23] ;
; 5:1                ; 4 bits    ; 12 LEs        ; 8 LEs                ; 4 LEs                  ; Yes        ; |Dynamic_Digital_Tube|Segment_595_Dynamic:Segment_595_Dynamic_Instance|Segment_Dynamic:Segment_Dynamic_Instance|BDC_8421:BDC_8421_Instance|data_shift[27] ;
; 5:1                ; 4 bits    ; 12 LEs        ; 8 LEs                ; 4 LEs                  ; Yes        ; |Dynamic_Digital_Tube|Segment_595_Dynamic:Segment_595_Dynamic_Instance|Segment_Dynamic:Segment_Dynamic_Instance|BDC_8421:BDC_8421_Instance|data_shift[29] ;
; 5:1                ; 4 bits    ; 12 LEs        ; 8 LEs                ; 4 LEs                  ; Yes        ; |Dynamic_Digital_Tube|Segment_595_Dynamic:Segment_595_Dynamic_Instance|Segment_Dynamic:Segment_Dynamic_Instance|BDC_8421:BDC_8421_Instance|data_shift[33] ;
; 5:1                ; 4 bits    ; 12 LEs        ; 8 LEs                ; 4 LEs                  ; Yes        ; |Dynamic_Digital_Tube|Segment_595_Dynamic:Segment_595_Dynamic_Instance|Segment_Dynamic:Segment_Dynamic_Instance|BDC_8421:BDC_8421_Instance|data_shift[39] ;
; 3:1                ; 4 bits    ; 8 LEs         ; 4 LEs                ; 4 LEs                  ; No         ; |Dynamic_Digital_Tube|Segment_595_Dynamic:Segment_595_Dynamic_Instance|Segment_Dynamic:Segment_Dynamic_Instance|data_register                             ;
; 4:1                ; 4 bits    ; 8 LEs         ; 4 LEs                ; 4 LEs                  ; No         ; |Dynamic_Digital_Tube|Segment_595_Dynamic:Segment_595_Dynamic_Instance|Segment_Dynamic:Segment_Dynamic_Instance|data_register                             ;
; 5:1                ; 4 bits    ; 12 LEs        ; 4 LEs                ; 8 LEs                  ; No         ; |Dynamic_Digital_Tube|Segment_595_Dynamic:Segment_595_Dynamic_Instance|Segment_Dynamic:Segment_Dynamic_Instance|data_register                             ;
; 6:1                ; 4 bits    ; 16 LEs        ; 4 LEs                ; 12 LEs                 ; No         ; |Dynamic_Digital_Tube|Segment_595_Dynamic:Segment_595_Dynamic_Instance|Segment_Dynamic:Segment_Dynamic_Instance|data_register                             ;
+--------------------+-----------+---------------+----------------------+------------------------+------------+-----------------------------------------------------------------------------------------------------------------------------------------------------------+


+---------------------------------------------------------------------------------------+
; Parameter Settings for User Entity Instance: Data_Generation:Data_Generation_Instance ;
+-----------------+-------------------------+-------------------------------------------+
; Parameter Name  ; Value                   ; Type                                      ;
+-----------------+-------------------------+-------------------------------------------+
; COUNT_100ms_MAX ; 10011000100101100111111 ; Unsigned Binary                           ;
; DATA_MAX        ; 11110100001000111111    ; Unsigned Binary                           ;
+-----------------+-------------------------+-------------------------------------------+
Note: In order to hide this table in the UI and the text report file, please set the "Show Parameter Settings in Synthesis Report" option in "Analysis and Synthesis Settings -> More Settings" to "Off".


+----------------------------------------------------------------------------------------------------------------------------------------+
; Parameter Settings for User Entity Instance: Segment_595_Dynamic:Segment_595_Dynamic_Instance|Segment_Dynamic:Segment_Dynamic_Instance ;
+----------------+------------------+----------------------------------------------------------------------------------------------------+
; Parameter Name ; Value            ; Type                                                                                               ;
+----------------+------------------+----------------------------------------------------------------------------------------------------+
; COUNT_1ms_MAX  ; 1100001101001111 ; Unsigned Binary                                                                                    ;
+----------------+------------------+----------------------------------------------------------------------------------------------------+
Note: In order to hide this table in the UI and the text report file, please set the "Show Parameter Settings in Synthesis Report" option in "Analysis and Synthesis Settings -> More Settings" to "Off".


+-------------------------------+
; Elapsed Time Per Partition    ;
+----------------+--------------+
; Partition Name ; Elapsed Time ;
+----------------+--------------+
; Top            ; 00:00:00     ;
+----------------+--------------+


+-------------------------------+
; Analysis & Synthesis Messages ;
+-------------------------------+
Info: *******************************************************************
Info: Running Quartus II 64-Bit Analysis & Synthesis
    Info: Version 13.0.1 Build 232 06/12/2013 Service Pack 1 SJ Full Version
    Info: Processing started: Tue Feb 25 20:40:14 2025
Info: Command: quartus_map --read_settings_files=on --write_settings_files=off Dynamic_Digital_Tube -c Dynamic_Digital_Tube
Info (11104): Parallel Compilation has detected 22 hyper-threaded processors. However, the extra hyper-threaded processors will not be used by default. Parallel Compilation will use 16 of the 16 physical processors detected instead.
Info (12021): Found 1 design units, including 1 entities, in source file /tylerhong/development/learn/learning-fpga/20250221-dynamic-digital-tube/rtl/dynamic_digital_tube.v
    Info (12023): Found entity 1: Dynamic_Digital_Tube
Info (12021): Found 1 design units, including 1 entities, in source file /tylerhong/development/learn/learning-fpga/20250221-dynamic-digital-tube/rtl/segment_595_dynamic.v
    Info (12023): Found entity 1: Segment_595_Dynamic
Info (12021): Found 1 design units, including 1 entities, in source file /tylerhong/development/learn/learning-fpga/20250221-dynamic-digital-tube/rtl/hc595_control.v
    Info (12023): Found entity 1: hc595_control
Info (12021): Found 1 design units, including 1 entities, in source file /tylerhong/development/learn/learning-fpga/20250221-dynamic-digital-tube/simulation/simulation_segment_dynamic.v
    Info (12023): Found entity 1: Simulation_Segment_Dynamic
Info (12021): Found 1 design units, including 1 entities, in source file /tylerhong/development/learn/learning-fpga/20250221-dynamic-digital-tube/rtl/segment_dynamic.v
    Info (12023): Found entity 1: Segment_Dynamic
Info (12021): Found 1 design units, including 1 entities, in source file /tylerhong/development/learn/learning-fpga/20250221-dynamic-digital-tube/simulation/simulation_bcd_8421.v
    Info (12023): Found entity 1: Simulation_BCD_8421
Info (12021): Found 1 design units, including 1 entities, in source file /tylerhong/development/learn/learning-fpga/20250221-dynamic-digital-tube/rtl/bcd_8421.v
    Info (12023): Found entity 1: BDC_8421
Info (12021): Found 1 design units, including 1 entities, in source file /tylerhong/development/learn/learning-fpga/20250221-dynamic-digital-tube/simulation/simulation_data_generation.v
    Info (12023): Found entity 1: Simulation_Data_Generation
Info (12021): Found 1 design units, including 1 entities, in source file /tylerhong/development/learn/learning-fpga/20250221-dynamic-digital-tube/rtl/data_generation.v
    Info (12023): Found entity 1: Data_Generation
Info (12127): Elaborating entity "Dynamic_Digital_Tube" for the top level hierarchy
Info (12128): Elaborating entity "Data_Generation" for hierarchy "Data_Generation:Data_Generation_Instance"
Info (12128): Elaborating entity "Segment_595_Dynamic" for hierarchy "Segment_595_Dynamic:Segment_595_Dynamic_Instance"
Info (12128): Elaborating entity "Segment_Dynamic" for hierarchy "Segment_595_Dynamic:Segment_595_Dynamic_Instance|Segment_Dynamic:Segment_Dynamic_Instance"
Info (12128): Elaborating entity "BDC_8421" for hierarchy "Segment_595_Dynamic:Segment_595_Dynamic_Instance|Segment_Dynamic:Segment_Dynamic_Instance|BDC_8421:BDC_8421_Instance"
Info (12128): Elaborating entity "hc595_control" for hierarchy "Segment_595_Dynamic:Segment_595_Dynamic_Instance|hc595_control:hc595_control_Instance"
Info (13000): Registers with preset signals will power-up high
Info (13003): DEV_CLRn pin will set, and not reset, register with preset signal due to NOT Gate Push-Back
Warning (13024): Output pins are stuck at VCC or GND
    Warning (13410): Pin "oe" is stuck at GND
Info (286030): Timing-Driven Synthesis is running
Info (16010): Generating hard_block partition "hard_block:auto_generated_inst"
    Info (16011): Adding 0 node(s), including 0 DDIO, 0 PLL, 0 transceiver and 0 LCELL
Info (21057): Implemented 315 device resources after synthesis - the final resource count might be different
    Info (21058): Implemented 2 input pins
    Info (21059): Implemented 4 output pins
    Info (21061): Implemented 309 logic cells
Info: Quartus II 64-Bit Analysis & Synthesis was successful. 0 errors, 2 warnings
    Info: Peak virtual memory: 4631 megabytes
    Info: Processing ended: Tue Feb 25 20:40:16 2025
    Info: Elapsed time: 00:00:02
    Info: Total CPU time (on all processors): 00:00:02


